// Jest Snapshot v1, https://goo.gl/fbAQLP

exports[`plugin test suits should complete standard workflow 1`] = `
"<!DOCTYPE html>
<html lang=\\"en\\">
<head>
  <meta charset=\\"UTF-8\\">
  <title>Webpack Plugin</title>
</head>
<body>
<script type=\\"text/javascript\\" src=\\"https://cdn.bootcss.com/moment.js/2.22.1/moment.min.js\\" crossorigin=\\"anonymous\\" integrity=\\"sha384-fYxN7HsDOBRo1wT/NSZ0LkoNlcXvpDpFy6WzB42LxuKAX7sBwgo7vuins+E1HCaw\\"></script><script type=\\"text/javascript\\" src=\\"https://cdn.bootcss.com/moment.js/2.22.1/locale/zh-cn.js\\" crossorigin=\\"anonymous\\" integrity=\\"sha384-XjUTsP+pYBX4Kwg40gPvhWcRGKZh9gUpDForgg5bwsnyNU+VabKhRX6XkyM6fLk4\\"></script><script type=\\"text/javascript\\" src=\\"/main.js\\"></script></body>
</html>"
`;
